1
2
3
4
5
6
7
8
expressions
3
9
case insensitivity
1
1
1
1
1
1
2
2
2
2
2
2
3
3
3
3
3
3
4
4
4
4
4
4
5
5
5
5
5
5
6
6
6
6
6
6
7
8
