A red rose for my darling
A purple rose for my darling
A white rose for my darling
A purple bouquet
A red bouquet
A white bouquet
A purple bouquet
A red bouquet
A white bouquet
3
3
3
white
A red rose for my darling
A purple rose for my darling
A white rose for my darling
