A red rose for my darling
A purple rose for my darling
A white rose for my darling
