Simple method calls
1
2
3
Override method calls
Hello, Pasadena!
Hello, Pasadena!
Hello, Pasadena!
Hello, Pasadena!
Hello, LA!
Hello, LA!
Hello, Tokyo!
Hello, Tokyo!
Non-inherited method calls
Sayonara!
Inherited method calls
Hotel Pasadena
Hotel LA
Hotel Tokyo
