Parent reference
1
2
3
Parent reference with grandparent implementation
7
7
8
