Build up, knock down
4
2
Arithmetics
14
Cast
#
$
Listen
abcd