IN-PLACE
a
b
c
mysterious
LITERAL
w
x
y
z
CUT
1
2
SHATTER
192
168
0
1
BACKSLASH

users
gaborsch
rocky
STAR
1
2
3
4
